23:41:25 **** Build of configuration Debug for project 5_uart_tx ****
make -j8 all 
arm-none-eabi-gcc "../Src/main.c" -mcpu=cortex-m4 -std=gnu11 -g3 -DDEBUG -DSTM32 -DSTM32F4 -DSTM32F411RETx -DSTM32F411xE -c -I../Inc -I"D:/STM32 workspace/chip_header/CMSIS/Device/ST/STM32F4xx/Include" -I"D:/STM32 workspace/chip_header/CMSIS/Include" -O0 -ffunction-sections -fdata-sections -Wall -fstack-usage -MMD -MP -MF"Src/main.d" -MT"Src/main.o" --specs=nano.specs -mfpu=fpv4-sp-d16 -mfloat-abi=hard -mthumb -o "Src/main.o"
arm-none-eabi-gcc -o "5_uart_tx.elf" @"objects.list"   -mcpu=cortex-m4 -T"D:\STM32 workspace\5_uart_tx\STM32F411RETX_FLASH.ld" --specs=nosys.specs -Wl,-Map="5_uart_tx.map" -Wl,--gc-sections -static --specs=nano.specs -mfpu=fpv4-sp-d16 -mfloat-abi=hard -mthumb -Wl,--start-group -lc -lm -Wl,--end-group
Finished building target: 5_uart_tx.elf
 
arm-none-eabi-size   5_uart_tx.elf 
arm-none-eabi-objdump -h -S  5_uart_tx.elf  > "5_uart_tx.list"
arm-none-eabi-objcopy  -O binary  5_uart_tx.elf  "5_uart_tx.bin"
   text	   data	    bss	    dec	    hex	filename
    944	      8	   1568	   2520	    9d8	5_uart_tx.elf
Finished building: default.size.stdout
 
Finished building: 5_uart_tx.bin
 
Finished building: 5_uart_tx.list
 

23:41:26 Build Finished. 0 errors, 0 warnings. (took 735ms)

