00:38:09 **** Incremental Build of configuration Debug for project 7_uart_module ****
make -j8 all 
arm-none-eabi-gcc "../Src/main.c" -mcpu=cortex-m4 -std=gnu11 -g3 -DDEBUG -DSTM32 -DSTM32F4 -DSTM32F411RETx -DSTM32F411xE -c -I../Inc -I"D:/STM32 workspace/chip_header/CMSIS/Device/ST/STM32F4xx/Include" -I"D:/STM32 workspace/chip_header/CMSIS/Include" -O0 -ffunction-sections -fdata-sections -Wall -fstack-usage -MMD -MP -MF"Src/main.d" -MT"Src/main.o" --specs=nano.specs -mfpu=fpv4-sp-d16 -mfloat-abi=hard -mthumb -o "Src/main.o"
arm-none-eabi-gcc "../Src/uart.c" -mcpu=cortex-m4 -std=gnu11 -g3 -DDEBUG -DSTM32 -DSTM32F4 -DSTM32F411RETx -DSTM32F411xE -c -I../Inc -I"D:/STM32 workspace/chip_header/CMSIS/Device/ST/STM32F4xx/Include" -I"D:/STM32 workspace/chip_header/CMSIS/Include" -O0 -ffunction-sections -fdata-sections -Wall -fstack-usage -MMD -MP -MF"Src/uart.d" -MT"Src/uart.o" --specs=nano.specs -mfpu=fpv4-sp-d16 -mfloat-abi=hard -mthumb -o "Src/uart.o"
../Src/uart.c:8:18: warning: extra tokens at end of #include directive
    8 | #include "uart.h";
      |                  ^
arm-none-eabi-gcc -o "7_uart_module.elf" @"objects.list"   -mcpu=cortex-m4 -T"D:\STM32 workspace\7_uart_module\STM32F411RETX_FLASH.ld" --specs=nosys.specs -Wl,-Map="7_uart_module.map" -Wl,--gc-sections -static --specs=nano.specs -mfpu=fpv4-sp-d16 -mfloat-abi=hard -mthumb -Wl,--start-group -lc -lm -Wl,--end-group
Finished building target: 7_uart_module.elf
 
arm-none-eabi-size   7_uart_module.elf 
arm-none-eabi-objdump -h -S  7_uart_module.elf  > "7_uart_module.list"
arm-none-eabi-objcopy  -O binary  7_uart_module.elf  "7_uart_module.bin"
   text	   data	    bss	    dec	    hex	filename
   5436	    108	   1596	   7140	   1be4	7_uart_module.elf
Finished building: default.size.stdout
 
Finished building: 7_uart_module.bin
Finished building: 7_uart_module.list
 
 

00:38:12 Build Finished. 0 errors, 1 warnings. (took 2s.722ms)

