22:34:35 **** Incremental Build of configuration Release for project 011_Systic_delay ****
make -j7 all 
arm-none-eabi-gcc "../Src/main.c" -mcpu=cortex-m4 -std=gnu11 -DSTM32 -DSTM32F4 -DSTM32F411RETx -DDebug -DSTM32F411xE -c -I../Inc -I/Users/arnoldbenedictganapin/Documents/embedded_c_stm32/chip_header/CMSIS/Device/ST/STM32F4xx/Include -I/Users/arnoldbenedictganapin/Documents/embedded_c_stm32/chip_header/CMSIS/include -Os -ffunction-sections -fdata-sections -Wall -fstack-usage -fcyclomatic-complexity -MMD -MP -MF"Src/main.d" -MT"Src/main.o" --specs=nano.specs -mfpu=fpv4-sp-d16 -mfloat-abi=hard -mthumb -o "Src/main.o"
arm-none-eabi-gcc -o "011_Systic_delay.elf" @"objects.list"   -mcpu=cortex-m4 -T"/Users/arnoldbenedictganapin/Documents/embedded_c_stm32/011_Systic_delay/STM32F411RETX_FLASH.ld" --specs=nosys.specs -Wl,-Map="011_Systic_delay.map" -Wl,--gc-sections -static --specs=nano.specs -mfpu=fpv4-sp-d16 -mfloat-abi=hard -mthumb -Wl,--start-group -lc -lm -Wl,--end-group
Finished building target: 011_Systic_delay.elf
 
arm-none-eabi-size   011_Systic_delay.elf 
arm-none-eabi-objdump -h -S  011_Systic_delay.elf  > "011_Systic_delay.list"
   text	   data	    bss	    dec	    hex	filename
   4876	    100	   1900	   6876	   1adc	011_Systic_delay.elf
Finished building: default.size.stdout
 
Finished building: 011_Systic_delay.list
 
22:34:57 **** Incremental Build of configuration Release for project 011_Systic_delay ****
make -j7 all 
arm-none-eabi-size   011_Systic_delay.elf 
   text	   data	    bss	    dec	    hex	filename
   4876	    100	   1900	   6876	   1adc	011_Systic_delay.elf
Finished building: default.size.stdout
 
